app/components/ErrorBoundary.tsx(4,10): error TS2305: Module '"lucide-react"' has no exported member 'AlertTriangle'.
